// Jest Snapshot v1, https://goo.gl/fbAQLP

exports[`SiteMap should match snapshot 1`] = `ShallowWrapper {}`;
